=== Job Configuration ===
Profile: cpu-naive
Nodes: 3 workers + 1 master
Processes: 4
Matrix size: 1024
Memory limit: 32mb
==========================
master-1  |  * Starting OpenBSD Secure Shell server sshd
master-1  |    ...done.
master-1  | Warning: Permanently added 'node2' (ED25519) to the list of known hosts.
master-1  | Warning: Permanently added 'node3' (ED25519) to the list of known hosts.
master-1  | Warning: Permanently added 'node1' (ED25519) to the list of known hosts.
master-1  | Process 1 received its data.
master-1  | Process 0 received its data.
master-1  | Process 2 received its data.
master-1  | Process 3 received its data.
master-1  | Process 1 finished multiplying in 1.03248 seconds.
master-1  | Process 0 finished multiplying in 1.01854 seconds.
master-1  | Process 2 finished multiplying in 1.02792 seconds.
master-1  | Process 3 finished multiplying in 1.04761 seconds.
master-1  | All results gathered on master.
master-1  | Verification: C[0] = 239.678, expected = 239.678 [PASSED]
master-1  | Total job time: 1.22351 seconds.
